// Jest Snapshot v1, https://goo.gl/fbAQLP

exports[`createButton Function snapshot test should match snapshot 1`] = `
<button
  id="test_button_id"
  style="z-index: 2000; cursor: pointer; position: absolute; text-transform: uppercase; top: 485px; left: 450px; width: 100px; height: 30px;"
/>
`;
